************************************************************************
* *                                                                  * *
* *                                                                  * *
* *                    ***  ＲＥＳＰ－Ｆ３Ｔ  ***                    * *
* *                                                                  * *
* *                                                                  * *
* *                ３次元骨組弾塑性構造解析プログラム                * *
* *                                                                  * *
* *                         (C) 2006-2016  株式会社  構造計画研究所  * *
* *                                                                  * *
* *                                       Version 2.0.5(2019/06/24)  * *
************************************************************************

                           Model20191021_001

                                                     2019/10/21 16:43:07
*** コントロールデータ

    入力時単位系 ---------------------- N,cm
    出力時単位系 ---------------------- N,cm
    マルチスレッド -------------------- 1

*** 解析パラメータ

    解析ケース -------------------    1 : 応答スペクトル

*** 材料特性データ

    材料名                ヤング係数  せん断弾性係数
                            (N/cm^2)        (N/cm^2)

    Default                    0.000           0.000

*** Response Spectrum Analysis ***,CASE000001

